0 5 5 6 7
1 7 8 8 6
2 7 8 8 8
3 7 8 8 8
4 7 8 8 8
-1 7 8 8 8
0
